// Jest Snapshot v1, https://goo.gl/fbAQLP

exports[`EditPassword matches snapshot 1`] = `
<WithStyles(ForwardRef(Container))
  component="main"
  maxWidth="xs"
>
  <WithStyles(CssBaseline) />
  <div
    className="makeStyles-paper-1"
  >
    <form
      className="makeStyles-form-2"
      id="submitForm"
      onSubmit={[Function]}
    >
      <WithStyles(ForwardRef(Grid))
        container={true}
        spacing={2}
      >
        <WithStyles(ForwardRef(Grid))
          item={true}
          xs={12}
        >
          <WithStyles(ForwardRef(TextField))
            autoComplete="current-password"
            fullWidth={true}
            id="password"
            label="password"
            name="password"
            onChange={[Function]}
            type="password"
            variant="outlined"
          />
        </WithStyles(ForwardRef(Grid))>
        <WithStyles(ForwardRef(FormControl))
          className="makeStyles-margin-4 makeStyles-textField-5"
          variant="outlined"
        >
          <WithStyles(ForwardRef(InputLabel))
            htmlFor="outlined-adornment-password"
          >
            new_password
          </WithStyles(ForwardRef(InputLabel))>
          <WithStyles(ForwardRef(OutlinedInput))
            endAdornment={
              <ForwardRef(WithStyles)
                position="end"
              >
                <ForwardRef(WithStyles)
                  aria-label="toggle password visibility"
                  edge="end"
                  id="iconButton1"
                  onClick={[Function]}
                  onMouseDown={[Function]}
                >
                  <UNDEFINED />
                </ForwardRef(WithStyles)>
              </ForwardRef(WithStyles)>
            }
            id="outlined-adornment-password"
            labelWidth={70}
            onChange={[Function]}
            type="password"
            value=""
          />
        </WithStyles(ForwardRef(FormControl))>
        <WithStyles(ForwardRef(Grid))
          item={true}
          xs={12}
        >
          <WithStyles(ForwardRef(TextField))
            autoComplete="current-password"
            fullWidth={true}
            id="confirmPassword"
            label="confirmNewPassword_label"
            name="confirmPassword"
            onChange={[Function]}
            type="password"
            variant="outlined"
          />
        </WithStyles(ForwardRef(Grid))>
      </WithStyles(ForwardRef(Grid))>
      <WithStyles(ForwardRef(Button))
        className="makeStyles-submit-3"
        color="primary"
        fullWidth={true}
        type="submit"
        variant="contained"
      >
        buttton_save
      </WithStyles(ForwardRef(Button))>
    </form>
  </div>
  <Notification
    error={false}
    errorMessage={Array []}
    id="notification"
    open={false}
    setOpen={[Function]}
  />
</WithStyles(ForwardRef(Container))>
`;
