// Jest Snapshot v1, https://goo.gl/fbAQLP

exports[`ResetPassword matches snapshot 1`] = `
<WithStyles(ForwardRef(Container))
  component="main"
  maxWidth="xs"
>
  <WithStyles(CssBaseline) />
  <div
    className="makeStyles-paper-1"
  >
    <WithStyles(ForwardRef(Avatar))>
      <LockOutlinedIcon />
    </WithStyles(ForwardRef(Avatar))>
    <WithStyles(ForwardRef(Typography))
      component="h1"
      variant="h5"
    >
      resetpassword
    </WithStyles(ForwardRef(Typography))>
    <form
      className="makeStyles-form-2"
      id="formSubmit"
      onSubmit={[Function]}
    >
      <WithStyles(ForwardRef(Grid))
        container={true}
        spacing={2}
      >
        <WithStyles(ForwardRef(FormControl))
          className="makeStyles-margin-4 makeStyles-textField-5"
          variant="outlined"
        >
          <WithStyles(ForwardRef(InputLabel))
            htmlFor="outlined-adornment-password"
          >
            password
          </WithStyles(ForwardRef(InputLabel))>
          <WithStyles(ForwardRef(OutlinedInput))
            endAdornment={
              <ForwardRef(WithStyles)
                position="end"
              >
                <ForwardRef(WithStyles)
                  aria-label="toggle password visibility"
                  edge="end"
                  onClick={[Function]}
                  onMouseDown={[Function]}
                >
                  <UNDEFINED />
                </ForwardRef(WithStyles)>
              </ForwardRef(WithStyles)>
            }
            id="outlined-adornment-password"
            labelWidth={70}
            onChange={[Function]}
            required={true}
            type="password"
            value=""
          />
        </WithStyles(ForwardRef(FormControl))>
        <WithStyles(ForwardRef(Grid))
          item={true}
          xs={12}
        >
          <WithStyles(ForwardRef(TextField))
            autoComplete="current-password"
            fullWidth={true}
            id="confirmPassword"
            label="confirm Password"
            name="confirmPassword"
            onChange={[Function]}
            required={true}
            type="password"
            variant="outlined"
          />
        </WithStyles(ForwardRef(Grid))>
      </WithStyles(ForwardRef(Grid))>
      <WithStyles(ForwardRef(Button))
        className="makeStyles-submit-3"
        color="primary"
        fullWidth={true}
        type="submit"
        variant="contained"
      >
        reset
      </WithStyles(ForwardRef(Button))>
    </form>
    <Notification
      error={false}
      errorMessage={Array []}
      id="notification"
      open={false}
      setOpen={[Function]}
    />
  </div>
</WithStyles(ForwardRef(Container))>
`;
